Microchip MPLAB XC8 Compiler V2.05 ()

Linker command line:

-W-3 --edf=C:\Program Files (x86)\Microchip\xc8\v2.05\pic\dat\en_msgs.txt \
  -cs -h+dist/default/production\PWM_TMR0.X.production.sym \
  --cmf=dist/default/production\PWM_TMR0.X.production.cmf -z -Q16F877A \
  -oC:\Users\Mustafa\AppData\Local\Temp\s6fo.2 --defsym=__MPLAB_BUILD=1 \
  -Mdist/default/production/PWM_TMR0.X.production.map -E1 -ver=XC8 \
  --acfsm=1493 -ASTACK=0110h-016Fh -pstack=STACK -ACODE=00h-07FFhx4 \
  -ASTRCODE=00h-01FFFh -ASTRING=00h-0FFhx32 -ACONST=00h-0FFhx32 \
  -AENTRY=00h-0FFhx32 -ACOMMON=070h-07Fh -ABANK0=020h-06Fh \
  -ABANK1=0A0h-0EFh -ABANK2=0110h-016Fh -ABANK3=0190h-01EFh \
  -ARAM=020h-06Fh,0A0h-0EFh,0110h-016Fh,0190h-01EFh \
  -AABS1=020h-07Fh,0A0h-0EFh,0110h-016Fh,0190h-01EFh -ASFR0=00h-01Fh \
  -ASFR1=080h-09Fh -ASFR2=0100h-010Fh -ASFR3=0180h-018Fh \
  -preset_vec=00h,intentry=04h,init,end_init -ppowerup=CODE -pcinit=CODE \
  -pfunctab=ENTRY -ACONFIG=02007h-02007h -pconfig=CONFIG -DCONFIG=2 \
  -AIDLOC=02000h-02003h -pidloc=IDLOC -DIDLOC=2 -AEEDATA=00h-0FFh/02100h \
  -peeprom_data=EEDATA -DEEDATA=2 -DCODE=2 -DSTRCODE=2 -DSTRING=2 -DCONST=2 \
  -DENTRY=2 -k C:\Users\Mustafa\AppData\Local\Temp\s6fo.o \
  dist/default/production\PWM_TMR0.X.production.o 

Object code version is 3.11

Machine type is 16F877A



                Name                               Link     Load   Length Selector   Space Scale
C:\Users\Mustafa\AppData\Local\Temp\s6fo.o
                end_init                              C        C        3        8       0
                reset_vec                             0        0        3        0       0
                config                             2007     2007        1     400E       0
dist/default/production\PWM_TMR0.X.production.o
                cinit                                 F        F       19        8       0
                intentry                              4        4        8        8       0
                text13                              2F7      2F7       3E        8       0
                text12                              3F0      3F0       1A      79C       0
                text11                              40A      40A       18      79C       0
                text10                              20F      20F       5A        8       0
                text9                               269      269       50        8       0
                text8                               335      335       37        8       0
                text7                               3CE      3CE       22      79C       0
                text6                               441      441        B      79C       0
                text5                               422      422       11      79C       0
                text4                               2B9      2B9       3E        8       0
                text3                               36C      36C       34        8       0
                text2                               433      433        E      79C       0
                text1                                28       28      154        8       0
                maintext                            17C      17C       93        8       0
                cstackBANK0                          48       48       16       20       1
                cstackCOMMON                         70       70        9       70       1
                clrtext                             44C      44C        8      79C       0
                dataBANK0                            5E       5E        2       20       1
                bssBANK0                             20       20       28       20       1
                bssCOMMON                            79       79        2       70       1
                strings                             3A0      3A0       2E      740       0
                idataBANK0                          454      454        2      79C       0

TOTAL           Name                               Link     Load   Length     Space
        CLASS   STACK          

        CLASS   CODE           
                end_init                              C        C        3         0
                cinit                                 F        F       19         0
                intentry                              4        4        8         0
                reset_vec                             0        0        3         0
                text13                              2F7      2F7       3E         0
                text12                              3F0      3F0       1A         0
                text11                              40A      40A       18         0
                text10                              20F      20F       5A         0
                text9                               269      269       50         0
                text8                               335      335       37         0
                text7                               3CE      3CE       22         0
                text6                               441      441        B         0
                text5                               422      422       11         0
                text4                               2B9      2B9       3E         0
                text3                               36C      36C       34         0
                text2                               433      433        E         0
                text1                                28       28      154         0
                maintext                            17C      17C       93         0
                clrtext                             44C      44C        8         0
                idataBANK0                          454      454        2         0

        CLASS   STRCODE        

        CLASS   STRING         
                strings                             3A0      3A0       2E         0

        CLASS   CONST          

        CLASS   ENTRY          

        CLASS   COMMON         
                cstackCOMMON                         70       70        9         1
                bssCOMMON                            79       79        2         1

        CLASS   BANK0          
                cstackBANK0                          48       48       16         1
                dataBANK0                            5E       5E        2         1
                bssBANK0                             20       20       28         1

        CLASS   BANK1          

        CLASS   BANK2          

        CLASS   BANK3          

        CLASS   RAM            

        CLASS   ABS1           
                abs_s1                               7E       7E        2         1

        CLASS   SFR0           

        CLASS   SFR1           

        CLASS   SFR2           

        CLASS   SFR3           

        CLASS   CONFIG         
                config                             2007     2007        1         0

        CLASS   IDLOC          

        CLASS   EEDATA         



SEGMENTS        Name                           Load    Length   Top    Selector   Space  Class     Delta

                reset_vec                      000000  000003  000003         0       0  CODE        2
                intentry                       000004  00039C  0003A0         8       0  CODE        2
                bssBANK0                       000020  000040  000060        20       1  BANK0       1
                cstackCOMMON                   000070  00000B  00007B        70       1  COMMON      1
                strings                        0003A0  00002E  0003CE       740       0  STRING      2
                text7                          0003CE  000088  000456       79C       0  CODE        2
                config                         002007  000001  002008      400E       0  CONFIG      2


UNUSED ADDRESS RANGES

        Name                Unused          Largest block    Delta
        BANK0            0060-006F             10           1
        BANK1            00A0-00EF             50           1
        BANK2            0110-016F             60           1
        BANK3            0190-01EF             60           1
        CODE             0003-0003              1           2
                         0456-1FFF            800
        COMMON           007B-007D              3           1
        CONST            0003-0003              1           2
                         0456-1FFF            100
        EEDATA           2100-21FF            100           2
        ENTRY            0003-0003              1           2
                         0456-1FFF            100
        IDLOC            2000-2003              4           2
        RAM              0060-006F             10           1
                         00A0-00EF             50
                         0110-016F             60
                         0190-01EF             60
        SFR0             0000-001F             20           1
        SFR1             0080-009F             20           1
        SFR2             0100-010F             10           1
        SFR3             0180-018F             10           1
        STACK            0110-016F             60           1
        STRCODE          0003-0003              1           2
                         0456-1FFF           1BAA
        STRING           0003-0003              1           2
                         0456-1FFF            100

                                  Symbol Table

?___lwdiv                  cstackCOMMON 0073
?___lwmod                  cstackBANK0  004B
?_sprintf                  cstackBANK0  0050
Lcd_Cmd@a                  cstackCOMMON 0075
Lcd_Port@a                 cstackCOMMON 0073
Lcd_Set_Cursor@a           cstackBANK0  0048
Lcd_Set_Cursor@b           cstackCOMMON 0076
Lcd_Set_Cursor@temp        cstackBANK0  004B
Lcd_Set_Cursor@y           cstackBANK0  004A
Lcd_Set_Cursor@z           cstackBANK0  0049
Lcd_Write_Char@a           cstackCOMMON 0077
Lcd_Write_Char@temp        cstackCOMMON 0075
Lcd_Write_Char@y           cstackCOMMON 0076
Lcd_Write_String@a         cstackBANK0  004A
Lcd_Write_String@i         cstackBANK0  0048
_GIE                       (abs)        005F
_Lcd_Cmd                   text11       040A
_Lcd_Init                  text10       020F
_Lcd_Port                  text12       03F0
_Lcd_Set_Cursor            text9        0269
_Lcd_Write_Char            text8        0335
_Lcd_Write_String          text7        03CE
_PEIE                      (abs)        005E
_PORTC                     (abs)        0007
_PORTD                     (abs)        0008
_PS0                       (abs)        0408
_PS1                       (abs)        0409
_PS2                       (abs)        040A
_PSA                       (abs)        040B
_RB4                       (abs)        0034
_RB5                       (abs)        0035
_RBIF                      (abs)        0058
_RC0                       (abs)        0038
_RC1                       (abs)        0039
_RC3                       (abs)        003B
_RD2                       (abs)        0042
_RD3                       (abs)        0043
_RD4                       (abs)        0044
_RD5                       (abs)        0045
_RD6                       (abs)        0046
_RD7                       (abs)        0047
_T0CS                      (abs)        040D
_T0IE                      (abs)        005D
_T0IF                      (abs)        005A
_TMR0                      (abs)        0001
_TMR0_Init                 text6        0441
_TMR_Intt                  text13       02F7
_TRISBbits                 (abs)        0086
_TRISC                     (abs)        0087
_TRISD                     (abs)        0088
__CFG_BOREN$ON             (abs)        0000
__CFG_CP$OFF               (abs)        0000
__CFG_CPD$OFF              (abs)        0000
__CFG_FOSC$XT              (abs)        0000
__CFG_LVP$ON               (abs)        0000
__CFG_PWRTE$OFF            (abs)        0000
__CFG_WDTE$OFF             (abs)        0000
__CFG_WRT$OFF              (abs)        0000
__Habs1                    abs1         0000
__Hbank0                   bank0        0000
__Hbank1                   bank1        0000
__Hbank2                   bank2        0000
__Hbank3                   bank3        0000
__HbssBANK0                bssBANK0     0000
__HbssCOMMON               bssCOMMON    0000
__Hcinit                   cinit        0028
__Hclrtext                 clrtext      0000
__Hcode                    code         0000
__Hcommon                  common       0000
__Hconfig                  config       2008
__HcstackBANK0             cstackBANK0  0000
__HcstackCOMMON            cstackCOMMON 0000
__HdataBANK0               dataBANK0    0000
__Heeprom_data             eeprom_data  0000
__Hend_init                end_init     000F
__Hfunctab                 functab      0000
__HidataBANK0              idataBANK0   0000
__Hidloc                   idloc        0000
__Hinit                    init         000C
__Hintentry                intentry     000C
__Hmaintext                maintext     0000
__Hpowerup                 powerup      0000
__Hram                     ram          0000
__Hreset_vec               reset_vec    0003
__Hsfr0                    sfr0         0000
__Hsfr1                    sfr1         0000
__Hsfr2                    sfr2         0000
__Hsfr3                    sfr3         0000
__Hspace_0                 (abs)        2008
__Hspace_1                 (abs)        007B
__Hspace_2                 (abs)        0000
__Hspace_3                 (abs)        0000
__Hstack                   stack        0000
__Hstrings                 strings      0000
__Htext                    text         0000
__Labs1                    abs1         0000
__Lbank0                   bank0        0000
__Lbank1                   bank1        0000
__Lbank2                   bank2        0000
__Lbank3                   bank3        0000
__LbssBANK0                bssBANK0     0000
__LbssCOMMON               bssCOMMON    0000
__Lcinit                   cinit        000F
__Lclrtext                 clrtext      0000
__Lcode                    code         0000
__Lcommon                  common       0000
__Lconfig                  config       2007
__LcstackBANK0             cstackBANK0  0000
__LcstackCOMMON            cstackCOMMON 0000
__LdataBANK0               dataBANK0    0000
__Leeprom_data             eeprom_data  0000
__Lend_init                end_init     000C
__Lfunctab                 functab      0000
__LidataBANK0              idataBANK0   0000
__Lidloc                   idloc        0000
__Linit                    init         000C
__Lintentry                intentry     0004
__Lmaintext                maintext     0000
__Lpowerup                 powerup      0000
__Lram                     ram          0000
__Lreset_vec               reset_vec    0000
__Lsfr0                    sfr0         0000
__Lsfr1                    sfr1         0000
__Lsfr2                    sfr2         0000
__Lsfr3                    sfr3         0000
__Lspace_0                 (abs)        0000
__Lspace_1                 (abs)        0000
__Lspace_2                 (abs)        0000
__Lspace_3                 (abs)        0000
__Lstack                   stack        0000
__Lstrings                 strings      0000
__Ltext                    text         0000
__S0                       (abs)        2008
__S1                       (abs)        007B
__S2                       (abs)        0000
__S3                       (abs)        0000
___bmul                    text5        0422
___bmul@multiplicand       cstackCOMMON 0073
___bmul@multiplier         cstackCOMMON 0076
___bmul@product            cstackCOMMON 0075
___int_sp                  stack        0000
___latbits                 (abs)        0002
___lwdiv                   text4        02B9
___lwdiv@counter           cstackBANK0  0048
___lwdiv@dividend          cstackCOMMON 0075
___lwdiv@divisor           cstackCOMMON 0073
___lwdiv@quotient          cstackBANK0  0049
___lwmod                   text3        036C
___lwmod@counter           cstackBANK0  004F
___lwmod@dividend          cstackBANK0  004D
___lwmod@divisor           cstackBANK0  004B
___sp                      stack        0000
___stackhi                 (abs)        0000
___stacklo                 (abs)        0000
__end_of_Lcd_Cmd           text11       0422
__end_of_Lcd_Init          text10       0269
__end_of_Lcd_Port          text12       040A
__end_of_Lcd_Set_Cursor    text9        02B9
__end_of_Lcd_Write_Char    text8        036C
__end_of_Lcd_Write_String  text7        03F0
__end_of_TMR0_Init         text6        044C
__end_of_TMR_Intt          text13       0335
__end_of___bmul            text5        0433
__end_of___lwdiv           text4        02F7
__end_of___lwmod           text3        03A0
__end_of__initialization   cinit        0024
__end_of__stringtab        strings      03A6
__end_of_dpowers           strings      03B0
__end_of_isdigit           text2        0441
__end_of_main              maintext     020F
__end_of_sprintf           text1        017C
__initialization           cinit        000F
__pbssBANK0                bssBANK0     0020
__pbssCOMMON               bssCOMMON    0079
__pcstackBANK0             cstackBANK0  0048
__pcstackCOMMON            cstackCOMMON 0070
__pdataBANK0               dataBANK0    005E
__pidataBANK0              idataBANK0   0454
__pintentry                intentry     0004
__pmaintext                maintext     017C
__pstrings                 strings      03A0
__ptext1                   text1        0028
__ptext10                  text10       020F
__ptext11                  text11       040A
__ptext12                  text12       03F0
__ptext13                  text13       02F7
__ptext2                   text2        0433
__ptext3                   text3        036C
__ptext4                   text4        02B9
__ptext5                   text5        0422
__ptext6                   text6        0441
__ptext7                   text7        03CE
__ptext8                   text8        0335
__ptext9                   text9        0269
__size_of_Lcd_Cmd          (abs)        0000
__size_of_Lcd_Init         (abs)        0000
__size_of_Lcd_Port         (abs)        0000
__size_of_Lcd_Set_Cursor   (abs)        0000
__size_of_Lcd_Write_Char   (abs)        0000
__size_of_Lcd_Write_String (abs)        0000
__size_of_TMR0_Init        (abs)        0000
__size_of_TMR_Intt         (abs)        0000
__size_of___bmul           (abs)        0000
__size_of___lwdiv          (abs)        0000
__size_of___lwmod          (abs)        0000
__size_of_isdigit          (abs)        0000
__size_of_main             (abs)        0000
__size_of_sprintf          (abs)        0000
__stringbase               strings      03A5
__stringtab                strings      03A0
_counter                   bssCOMMON    0079
_dizi                      bssBANK0     0020
_dpowers                   strings      03A6
_isdigit                   text2        0433
_isdigit$602               cstackCOMMON 0073
_main                      maintext     017C
_pwm_duty_cycle            dataBANK0    005E
_sprintf                   text1        0028
btemp                      (abs)        007E
clear_ram0                 clrtext      044C
end_of_initialization      cinit        0024
interrupt_function         intentry     0004
intlevel0                  functab      0000
intlevel1                  functab      0000
intlevel2                  functab      0000
intlevel3                  functab      0000
intlevel4                  functab      0000
intlevel5                  functab      0000
isdigit@c                  cstackCOMMON 0074
reset_vec                  reset_vec    0000
saved_w                    (abs)        007E
sprintf@ap                 cstackBANK0  0056
sprintf@c                  cstackBANK0  005C
sprintf@f                  cstackBANK0  0050
sprintf@flag               cstackBANK0  0057
sprintf@prec               cstackBANK0  005B
sprintf@sp                 cstackBANK0  0058
sprintf@val                cstackBANK0  0059
start                      init         000C
start_initialization       cinit        000F
wtemp0                     (abs)        007E


FUNCTION INFORMATION:

 *************** function _main *****************
 Defined at:
		line 58 in file "main.c"
 Parameters:    Size  Location     Type
		None
 Auto vars:     Size  Location     Type
		None
 Return value:  Size  Location     Type
                  1    wreg      void 
 Registers used:
		wreg, fsr0l, fsr0h, status,2, status,0, btemp+1, pclath, cstack
 Tracked objects:
		On entry : 
		On exit  : 
		Unchanged: 
 Data sizes:     COMMON   BANK0   BANK1   BANK3   BANK2
      Params:         0       0       0       0       0
      Locals:         0       0       0       0       0
      Temps:          0       1       0       0       0
      Totals:         0       1       0       0       0
Total ram usage:        1 bytes
 Hardware stack levels required when called:    4
 This function calls:
		_Lcd_Init
		_Lcd_Set_Cursor
		_Lcd_Write_String
		_TMR0_Init
		_sprintf
 This function is called by:
		Startup code after reset
 This function uses a non-reentrant model


 *************** function _sprintf *****************
 Defined at:
		line 500 in file "C:\Program Files (x86)\Microchip\xc8\v2.05\pic\sources\c90\common\doprnt.c"
 Parameters:    Size  Location     Type
  sp              1    wreg     PTR unsigned char 
		 -> dizi(40), 
  f               1    8[BANK0 ] PTR const unsigned char 
		 -> STR_2(11), STR_1(19), 
 Auto vars:     Size  Location     Type
  sp              1   16[BANK0 ] PTR unsigned char 
		 -> dizi(40), 
  tmpval          4    0        struct .
  val             2   17[BANK0 ] unsigned int 
  cp              2    0        PTR const unsigned char 
  len             2    0        unsigned int 
  c               1   20[BANK0 ] unsigned char 
  prec            1   19[BANK0 ] char 
  flag            1   15[BANK0 ] unsigned char 
  ap              1   14[BANK0 ] PTR void [1]
		 -> ?_sprintf(2), 
 Return value:  Size  Location     Type
                  2    8[BANK0 ] int 
 Registers used:
		wreg, fsr0l, fsr0h, status,2, status,0, btemp+1, pclath, cstack
 Tracked objects:
		On entry : 
		On exit  : 
		Unchanged: 
 Data sizes:     COMMON   BANK0   BANK1   BANK3   BANK2
      Params:         0       3       0       0       0
      Locals:         0       7       0       0       0
      Temps:          0       3       0       0       0
      Totals:         0      13       0       0       0
Total ram usage:       13 bytes
 Hardware stack levels used:    1
 Hardware stack levels required when called:    2
 This function calls:
		___bmul
		___lwdiv
		___lwmod
		_isdigit
 This function is called by:
		_main
 This function uses a non-reentrant model


 *************** function _isdigit *****************
 Defined at:
		line 8 in file "C:\Program Files (x86)\Microchip\xc8\v2.05\pic\sources\c90\common\isdigit.c"
 Parameters:    Size  Location     Type
  c               1    wreg     unsigned char 
 Auto vars:     Size  Location     Type
  c               1    4[COMMON] unsigned char 
 Return value:  Size  Location     Type
		None               void
 Registers used:
		wreg, status,2, status,0
 Tracked objects:
		On entry : 
		On exit  : 
		Unchanged: 
 Data sizes:     COMMON   BANK0   BANK1   BANK3   BANK2
      Params:         0       0       0       0       0
      Locals:         2       0       0       0       0
      Temps:          0       0       0       0       0
      Totals:         2       0       0       0       0
Total ram usage:        2 bytes
 Hardware stack levels used:    1
 Hardware stack levels required when called:    1
 This function calls:
		Nothing
 This function is called by:
		_sprintf
 This function uses a non-reentrant model


 *************** function ___lwmod *****************
 Defined at:
		line 5 in file "C:\Program Files (x86)\Microchip\xc8\v2.05\pic\sources\c90\common\lwmod.c"
 Parameters:    Size  Location     Type
  divisor         2    3[BANK0 ] unsigned int 
  dividend        2    5[BANK0 ] unsigned int 
 Auto vars:     Size  Location     Type
  counter         1    7[BANK0 ] unsigned char 
 Return value:  Size  Location     Type
                  2    3[BANK0 ] unsigned int 
 Registers used:
		wreg, status,2, status,0
 Tracked objects:
		On entry : 
		On exit  : 
		Unchanged: 
 Data sizes:     COMMON   BANK0   BANK1   BANK3   BANK2
      Params:         0       4       0       0       0
      Locals:         0       1       0       0       0
      Temps:          1       0       0       0       0
      Totals:         1       5       0       0       0
Total ram usage:        6 bytes
 Hardware stack levels used:    1
 Hardware stack levels required when called:    1
 This function calls:
		Nothing
 This function is called by:
		_sprintf
 This function uses a non-reentrant model


 *************** function ___lwdiv *****************
 Defined at:
		line 5 in file "C:\Program Files (x86)\Microchip\xc8\v2.05\pic\sources\c90\common\lwdiv.c"
 Parameters:    Size  Location     Type
  divisor         2    3[COMMON] unsigned int 
  dividend        2    5[COMMON] unsigned int 
 Auto vars:     Size  Location     Type
  quotient        2    1[BANK0 ] unsigned int 
  counter         1    0[BANK0 ] unsigned char 
 Return value:  Size  Location     Type
                  2    3[COMMON] unsigned int 
 Registers used:
		wreg, status,2, status,0
 Tracked objects:
		On entry : 
		On exit  : 
		Unchanged: 
 Data sizes:     COMMON   BANK0   BANK1   BANK3   BANK2
      Params:         4       0       0       0       0
      Locals:         0       3       0       0       0
      Temps:          1       0       0       0       0
      Totals:         5       3       0       0       0
Total ram usage:        8 bytes
 Hardware stack levels used:    1
 Hardware stack levels required when called:    1
 This function calls:
		Nothing
 This function is called by:
		_sprintf
 This function uses a non-reentrant model


 *************** function ___bmul *****************
 Defined at:
		line 4 in file "C:\Program Files (x86)\Microchip\xc8\v2.05\pic\sources\c90\common\Umul8.c"
 Parameters:    Size  Location     Type
  multiplier      1    wreg     unsigned char 
  multiplicand    1    3[COMMON] unsigned char 
 Auto vars:     Size  Location     Type
  multiplier      1    6[COMMON] unsigned char 
  product         1    5[COMMON] unsigned char 
 Return value:  Size  Location     Type
                  1    wreg      unsigned char 
 Registers used:
		wreg, status,2, status,0
 Tracked objects:
		On entry : 
		On exit  : 
		Unchanged: 
 Data sizes:     COMMON   BANK0   BANK1   BANK3   BANK2
      Params:         1       0       0       0       0
      Locals:         2       0       0       0       0
      Temps:          1       0       0       0       0
      Totals:         4       0       0       0       0
Total ram usage:        4 bytes
 Hardware stack levels used:    1
 Hardware stack levels required when called:    1
 This function calls:
		Nothing
 This function is called by:
		_sprintf
 This function uses a non-reentrant model


 *************** function _TMR0_Init *****************
 Defined at:
		line 51 in file "main.c"
 Parameters:    Size  Location     Type
		None
 Auto vars:     Size  Location     Type
		None
 Return value:  Size  Location     Type
                  1    wreg      void 
 Registers used:
		None
 Tracked objects:
		On entry : 
		On exit  : 
		Unchanged: 
 Data sizes:     COMMON   BANK0   BANK1   BANK3   BANK2
      Params:         0       0       0       0       0
      Locals:         0       0       0       0       0
      Temps:          0       0       0       0       0
      Totals:         0       0       0       0       0
Total ram usage:        0 bytes
 Hardware stack levels used:    1
 Hardware stack levels required when called:    1
 This function calls:
		Nothing
 This function is called by:
		_main
 This function uses a non-reentrant model


 *************** function _Lcd_Write_String *****************
 Defined at:
		line 97 in file "C:\Program Files (x86)\Microchip\xc8\v2.05\pic\include\LCD.h"
 Parameters:    Size  Location     Type
  a               1    wreg     PTR unsigned char 
		 -> dizi(40), 
 Auto vars:     Size  Location     Type
  a               1    2[BANK0 ] PTR unsigned char 
		 -> dizi(40), 
  i               2    0[BANK0 ] int 
 Return value:  Size  Location     Type
                  1    wreg      void 
 Registers used:
		wreg, fsr0l, fsr0h, status,2, status,0, pclath, cstack
 Tracked objects:
		On entry : 
		On exit  : 
		Unchanged: 
 Data sizes:     COMMON   BANK0   BANK1   BANK3   BANK2
      Params:         0       0       0       0       0
      Locals:         0       3       0       0       0
      Temps:          1       0       0       0       0
      Totals:         1       3       0       0       0
Total ram usage:        4 bytes
 Hardware stack levels used:    1
 Hardware stack levels required when called:    3
 This function calls:
		_Lcd_Write_Char
 This function is called by:
		_main
 This function uses a non-reentrant model


 *************** function _Lcd_Write_Char *****************
 Defined at:
		line 81 in file "C:\Program Files (x86)\Microchip\xc8\v2.05\pic\include\LCD.h"
 Parameters:    Size  Location     Type
  a               1    wreg     unsigned char 
 Auto vars:     Size  Location     Type
  a               1    7[COMMON] unsigned char 
  y               1    6[COMMON] unsigned char 
  temp            1    5[COMMON] unsigned char 
 Return value:  Size  Location     Type
                  1    wreg      void 
 Registers used:
		wreg, status,2, status,0, pclath, cstack
 Tracked objects:
		On entry : 
		On exit  : 
		Unchanged: 
 Data sizes:     COMMON   BANK0   BANK1   BANK3   BANK2
      Params:         0       0       0       0       0
      Locals:         3       0       0       0       0
      Temps:          1       0       0       0       0
      Totals:         4       0       0       0       0
Total ram usage:        4 bytes
 Hardware stack levels used:    1
 Hardware stack levels required when called:    2
 This function calls:
		_Lcd_Port
 This function is called by:
		_Lcd_Write_String
 This function uses a non-reentrant model


 *************** function _Lcd_Set_Cursor *****************
 Defined at:
		line 41 in file "C:\Program Files (x86)\Microchip\xc8\v2.05\pic\include\LCD.h"
 Parameters:    Size  Location     Type
  a               1    wreg     unsigned char 
  b               1    6[COMMON] unsigned char 
 Auto vars:     Size  Location     Type
  a               1    0[BANK0 ] unsigned char 
  temp            1    3[BANK0 ] unsigned char 
  y               1    2[BANK0 ] unsigned char 
  z               1    1[BANK0 ] unsigned char 
 Return value:  Size  Location     Type
                  1    wreg      void 
 Registers used:
		wreg, status,2, status,0, pclath, cstack
 Tracked objects:
		On entry : 
		On exit  : 
		Unchanged: 
 Data sizes:     COMMON   BANK0   BANK1   BANK3   BANK2
      Params:         1       0       0       0       0
      Locals:         0       4       0       0       0
      Temps:          2       0       0       0       0
      Totals:         3       4       0       0       0
Total ram usage:        7 bytes
 Hardware stack levels used:    1
 Hardware stack levels required when called:    3
 This function calls:
		_Lcd_Cmd
 This function is called by:
		_main
 This function uses a non-reentrant model


 *************** function _Lcd_Init *****************
 Defined at:
		line 62 in file "C:\Program Files (x86)\Microchip\xc8\v2.05\pic\include\LCD.h"
 Parameters:    Size  Location     Type
		None
 Auto vars:     Size  Location     Type
		None
 Return value:  Size  Location     Type
                  1    wreg      void 
 Registers used:
		wreg, status,2, status,0, pclath, cstack
 Tracked objects:
		On entry : 
		On exit  : 
		Unchanged: 
 Data sizes:     COMMON   BANK0   BANK1   BANK3   BANK2
      Params:         0       0       0       0       0
      Locals:         0       0       0       0       0
      Temps:          2       0       0       0       0
      Totals:         2       0       0       0       0
Total ram usage:        2 bytes
 Hardware stack levels used:    1
 Hardware stack levels required when called:    3
 This function calls:
		_Lcd_Cmd
		_Lcd_Port
 This function is called by:
		_main
 This function uses a non-reentrant model


 *************** function _Lcd_Cmd *****************
 Defined at:
		line 26 in file "C:\Program Files (x86)\Microchip\xc8\v2.05\pic\include\LCD.h"
 Parameters:    Size  Location     Type
  a               1    wreg     unsigned char 
 Auto vars:     Size  Location     Type
  a               1    5[COMMON] unsigned char 
 Return value:  Size  Location     Type
                  1    wreg      void 
 Registers used:
		wreg, status,2, status,0, pclath, cstack
 Tracked objects:
		On entry : 
		On exit  : 
		Unchanged: 
 Data sizes:     COMMON   BANK0   BANK1   BANK3   BANK2
      Params:         0       0       0       0       0
      Locals:         1       0       0       0       0
      Temps:          1       0       0       0       0
      Totals:         2       0       0       0       0
Total ram usage:        2 bytes
 Hardware stack levels used:    1
 Hardware stack levels required when called:    2
 This function calls:
		_Lcd_Port
 This function is called by:
		_Lcd_Set_Cursor
		_Lcd_Init
		_Lcd_Clear
		_Lcd_Shift_Right
		_Lcd_Shift_Left
 This function uses a non-reentrant model


 *************** function _Lcd_Port *****************
 Defined at:
		line 4 in file "C:\Program Files (x86)\Microchip\xc8\v2.05\pic\include\LCD.h"
 Parameters:    Size  Location     Type
  a               1    wreg     unsigned char 
 Auto vars:     Size  Location     Type
  a               1    3[COMMON] unsigned char 
 Return value:  Size  Location     Type
                  1    wreg      void 
 Registers used:
		wreg
 Tracked objects:
		On entry : 
		On exit  : 
		Unchanged: 
 Data sizes:     COMMON   BANK0   BANK1   BANK3   BANK2
      Params:         0       0       0       0       0
      Locals:         1       0       0       0       0
      Temps:          0       0       0       0       0
      Totals:         1       0       0       0       0
Total ram usage:        1 bytes
 Hardware stack levels used:    1
 Hardware stack levels required when called:    1
 This function calls:
		Nothing
 This function is called by:
		_Lcd_Cmd
		_Lcd_Init
		_Lcd_Write_Char
 This function uses a non-reentrant model


 *************** function _TMR_Intt *****************
 Defined at:
		line 34 in file "main.c"
 Parameters:    Size  Location     Type
		None
 Auto vars:     Size  Location     Type
		None
 Return value:  Size  Location     Type
                  1    wreg      void 
 Registers used:
		wreg, status,2, status,0
 Tracked objects:
		On entry : 
		On exit  : 
		Unchanged: 
 Data sizes:     COMMON   BANK0   BANK1   BANK3   BANK2
      Params:         0       0       0       0       0
      Locals:         0       0       0       0       0
      Temps:          3       0       0       0       0
      Totals:         3       0       0       0       0
Total ram usage:        3 bytes
 Hardware stack levels used:    1
 This function calls:
		Nothing
 This function is called by:
		Interrupt level 1
 This function uses a non-reentrant model



MODULE INFORMATION

Module		Function		Class		Link	Load	Size
C:\Program Files (x86)\Microchip\xc8\v2.05\pic\sources\c90\common\isdigit.c
		_isdigit       		CODE           	0433	0000	15

C:\Program Files (x86)\Microchip\xc8\v2.05\pic\sources\c90\common\isdigit.c estimated size: 15

C:\Program Files (x86)\Microchip\xc8\v2.05\pic\sources\c90\common\doprnt.c
		_sprintf       		CODE           	0028	0000	341

C:\Program Files (x86)\Microchip\xc8\v2.05\pic\sources\c90\common\doprnt.c estimated size: 341

C:\Program Files (x86)\Microchip\xc8\v2.05\pic\include\LCD.h
		_Lcd_Write_String		CODE           	03CE	0000	35
		_Lcd_Init      		CODE           	020F	0000	91
		_Lcd_Write_Char		CODE           	0335	0000	56
		_Lcd_Cmd       		CODE           	040A	0000	25
		_Lcd_Set_Cursor		CODE           	0269	0000	81
		_Lcd_Port      		CODE           	03F0	0000	27

C:\Program Files (x86)\Microchip\xc8\v2.05\pic\include\LCD.h estimated size: 315

C:\Program Files (x86)\Microchip\xc8\v2.05\pic\sources\c90\common\lwdiv.c
		___lwdiv       		CODE           	02B9	0000	63

C:\Program Files (x86)\Microchip\xc8\v2.05\pic\sources\c90\common\lwdiv.c estimated size: 63

C:\Program Files (x86)\Microchip\xc8\v2.05\pic\sources\c90\common\Umul8.c
		___bmul        		CODE           	0422	0000	18

C:\Program Files (x86)\Microchip\xc8\v2.05\pic\sources\c90\common\Umul8.c estimated size: 18

shared
		__stringtab    		STRING         	03A0	0000	7
		_dpowers       		STRING         	03A6	0000	11
		__initialization		CODE           	000F	0000	22

shared estimated size: 40

main.c
		_main          		CODE           	017C	0000	148
		_TMR0_Init     		CODE           	0441	0000	12
		_TMR_Intt      		CODE           	02F7	0000	63

main.c estimated size: 223

C:\Program Files (x86)\Microchip\xc8\v2.05\pic\sources\c90\common\lwmod.c
		___lwmod       		CODE           	036C	0000	53

C:\Program Files (x86)\Microchip\xc8\v2.05\pic\sources\c90\common\lwmod.c estimated size: 53

